
> client@0.0.0 build
> tsc -b && vite build

src/App.tsx(1,8): error TS6133: 'React' is declared but its value is never read.
src/components/Sidebar.tsx(3,31): error TS6133: 'Shield' is declared but its value is never read.
