src/pages/ExpenseForm.tsx(462,28): error TS2304: Cannot find name 'Calendar'.
src/pages/ExpenseForm.tsx(499,22): error TS2552: Cannot find name 'Clock'. Did you mean 'Lock'?
